// Jest Snapshot v1, https://goo.gl/fbAQLP

exports[`ExchangeRateTable Component matches the snapshot 1`] = `
<DocumentFragment>
  <div>
    <table>
      <tbody>
        <tr>
          <td>
            CAD
          </td>
          <td>
             1.723
          </td>
        </tr>
        <tr>
          <td>
            USD
          </td>
          <td>
             1.89
          </td>
        </tr>
      </tbody>
    </table>
  </div>
</DocumentFragment>
`;
